Archive member included to satisfy reference by file (symbol)

c:/program files/microchip/xc8/v3.10/avr/bin/../lib/gcc/avr/5.4.0/avr5/memx-const\libgcc.a(_copy_data.o)
                              dht11.o (__do_copy_data)
c:/program files/microchip/xc8/v3.10/avr/bin/../lib/gcc/avr/5.4.0/../../../../avr/lib/avr5/memx-const\libc.a(exit.o)
                              D:/Facultad/CDyM/7.0/Packs/atmel/ATmega_DFP/1.6.364/xc8/avr/lib/avr5/memx-const/crtatmega328p.o (exit)
c:/program files/microchip/xc8/v3.10/avr/bin/../lib/gcc/avr/5.4.0/../../../../avr/lib/avr5/memx-const\libc.a(__sio_sprintf_doux.o)
                              main.o (_sprintf_cdopuxX)
c:/program files/microchip/xc8/v3.10/avr/bin/../lib/gcc/avr/5.4.0/../../../../avr/lib/avr5/memx-const\libc.a(__fmt_d.o)
                              c:/program files/microchip/xc8/v3.10/avr/bin/../lib/gcc/avr/5.4.0/../../../../avr/lib/avr5/memx-const\libc.a(__sio_sprintf_doux.o) (__fmt_d_needed)
c:/program files/microchip/xc8/v3.10/avr/bin/../lib/gcc/avr/5.4.0/../../../../avr/lib/avr5/memx-const\libc.a(__fmt_o.o)
                              c:/program files/microchip/xc8/v3.10/avr/bin/../lib/gcc/avr/5.4.0/../../../../avr/lib/avr5/memx-const\libc.a(__sio_sprintf_doux.o) (__fmt_o_needed)
c:/program files/microchip/xc8/v3.10/avr/bin/../lib/gcc/avr/5.4.0/../../../../avr/lib/avr5/memx-const\libc.a(__fmt_s.o)
                              c:/program files/microchip/xc8/v3.10/avr/bin/../lib/gcc/avr/5.4.0/../../../../avr/lib/avr5/memx-const\libc.a(__sio_sprintf_doux.o) (__fmt_s_needed)
c:/program files/microchip/xc8/v3.10/avr/bin/../lib/gcc/avr/5.4.0/../../../../avr/lib/avr5/memx-const\libc.a(__fmt_u.o)
                              c:/program files/microchip/xc8/v3.10/avr/bin/../lib/gcc/avr/5.4.0/../../../../avr/lib/avr5/memx-const\libc.a(__fmt_d.o) (__cvt_u)
c:/program files/microchip/xc8/v3.10/avr/bin/../lib/gcc/avr/5.4.0/../../../../avr/lib/avr5/memx-const\libc.a(__fmt_x.o)
                              c:/program files/microchip/xc8/v3.10/avr/bin/../lib/gcc/avr/5.4.0/../../../../avr/lib/avr5/memx-const\libc.a(__sio_sprintf_doux.o) (__fmt_x_needed)
c:/program files/microchip/xc8/v3.10/avr/bin/../lib/gcc/avr/5.4.0/../../../../avr/lib/avr5/memx-const\libc.a(__pop_int.o)
                              c:/program files/microchip/xc8/v3.10/avr/bin/../lib/gcc/avr/5.4.0/../../../../avr/lib/avr5/memx-const\libc.a(__sio_sprintf_doux.o) (__pop_int_needed)
c:/program files/microchip/xc8/v3.10/avr/bin/../lib/gcc/avr/5.4.0/../../../../avr/lib/avr5/memx-const\libc.a(__printf_core.o)
                              c:/program files/microchip/xc8/v3.10/avr/bin/../lib/gcc/avr/5.4.0/../../../../avr/lib/avr5/memx-const\libc.a(__fmt_d.o) (__pad)
c:/program files/microchip/xc8/v3.10/avr/bin/../lib/gcc/avr/5.4.0/../../../../avr/lib/avr5/memx-const\libc.a(fputc.o)
                              c:/program files/microchip/xc8/v3.10/avr/bin/../lib/gcc/avr/5.4.0/../../../../avr/lib/avr5/memx-const\libc.a(__printf_core.o) (fputc)
c:/program files/microchip/xc8/v3.10/avr/bin/../lib/gcc/avr/5.4.0/../../../../avr/lib/avr5/memx-const\libc.a(strlen.o)
                              c:/program files/microchip/xc8/v3.10/avr/bin/../lib/gcc/avr/5.4.0/../../../../avr/lib/avr5/memx-const\libc.a(__fmt_s.o) (strlen)
c:/program files/microchip/xc8/v3.10/avr/bin/../lib/gcc/avr/5.4.0/../../../../avr/lib/avr5/memx-const\libc.a(strncpy.o)
                              uart.o (strncpy)
c:/program files/microchip/xc8/v3.10/avr/bin/../lib/gcc/avr/5.4.0/../../../../avr/lib/avr5/memx-const\libc.a(tolower.o)
                              c:/program files/microchip/xc8/v3.10/avr/bin/../lib/gcc/avr/5.4.0/../../../../avr/lib/avr5/memx-const\libc.a(__printf_core.o) (tolower)
c:/program files/microchip/xc8/v3.10/avr/bin/../lib/gcc/avr/5.4.0/../../../../avr/lib/avr5/memx-const\libc.a(toupper.o)
                              c:/program files/microchip/xc8/v3.10/avr/bin/../lib/gcc/avr/5.4.0/../../../../avr/lib/avr5/memx-const\libc.a(__fmt_x.o) (toupper)
c:/program files/microchip/xc8/v3.10/avr/bin/../lib/gcc/avr/5.4.0/../../../../avr/lib/avr5/memx-const\libc.a(errno.o)
                              c:/program files/microchip/xc8/v3.10/avr/bin/../lib/gcc/avr/5.4.0/../../../../avr/lib/avr5/memx-const\libc.a(__printf_core.o) (__errno_val)
c:/program files/microchip/xc8/v3.10/avr/bin/../lib/gcc/avr/5.4.0/../../../../avr/lib/avr5/memx-const\libc.a(_Exit.o)
                              c:/program files/microchip/xc8/v3.10/avr/bin/../lib/gcc/avr/5.4.0/../../../../avr/lib/avr5/memx-const\libc.a(exit.o) (_Exit)
c:/program files/microchip/xc8/v3.10/avr/bin/../lib/gcc/avr/5.4.0/../../../../avr/lib/avr5/memx-const\libc.a(__int_vsprintf.o)
                              c:/program files/microchip/xc8/v3.10/avr/bin/../lib/gcc/avr/5.4.0/../../../../avr/lib/avr5/memx-const\libc.a(__sio_sprintf_doux.o) (__vsprintf)
c:/program files/microchip/xc8/v3.10/avr/bin/../lib/gcc/avr/5.4.0/../../../../avr/lib/avr5/memx-const\libc.a(__int_vsnprintf.o)
                              c:/program files/microchip/xc8/v3.10/avr/bin/../lib/gcc/avr/5.4.0/../../../../avr/lib/avr5/memx-const\libc.a(__int_vsprintf.o) (__vsnprintf)
c:/program files/microchip/xc8/v3.10/avr/bin/../lib/gcc/avr/5.4.0/../../../../avr/lib/avr5/memx-const\libc.a(__int_vfprintf.o)
                              c:/program files/microchip/xc8/v3.10/avr/bin/../lib/gcc/avr/5.4.0/../../../../avr/lib/avr5/memx-const\libc.a(__int_vsnprintf.o) (__vfprintf)
c:/program files/microchip/xc8/v3.10/avr/bin/../lib/gcc/avr/5.4.0/avr5/memx-const\libgcc.a(_udivmodsi4.o)
                              c:/program files/microchip/xc8/v3.10/avr/bin/../lib/gcc/avr/5.4.0/../../../../avr/lib/avr5/memx-const\libc.a(__fmt_u.o) (__udivmodsi4)
c:/program files/microchip/xc8/v3.10/avr/bin/../lib/gcc/avr/5.4.0/avr5/memx-const\libgcc.a(_exit.o)
                              c:/program files/microchip/xc8/v3.10/avr/bin/../lib/gcc/avr/5.4.0/../../../../avr/lib/avr5/memx-const\libc.a(_Exit.o) (_exit)
c:/program files/microchip/xc8/v3.10/avr/bin/../lib/gcc/avr/5.4.0/avr5/memx-const\libgcc.a(_prologue.o)
                              c:/program files/microchip/xc8/v3.10/avr/bin/../lib/gcc/avr/5.4.0/../../../../avr/lib/avr5/memx-const\libc.a(__sio_sprintf_doux.o) (__prologue_saves__)
c:/program files/microchip/xc8/v3.10/avr/bin/../lib/gcc/avr/5.4.0/avr5/memx-const\libgcc.a(_epilogue.o)
                              c:/program files/microchip/xc8/v3.10/avr/bin/../lib/gcc/avr/5.4.0/../../../../avr/lib/avr5/memx-const\libc.a(__sio_sprintf_doux.o) (__epilogue_restores__)

Allocating common symbols
Common symbol       size              file

__errno_val         0x2               c:/program files/microchip/xc8/v3.10/avr/bin/../lib/gcc/avr/5.4.0/../../../../avr/lib/avr5/memx-const\libc.a(errno.o)
t_actual            0x2               dht11.o
t_inicio_pulso      0x2               dht11.o
humedad             0x1               main.o
ignorar_flanco      0x1               dht11.o
temperatura         0x1               main.o
duracion            0x2               dht11.o
checksum            0x1               dht11.o

Discarded input sections

 .data          0x0000000000000000        0x0 D:/Facultad/CDyM/7.0/Packs/atmel/ATmega_DFP/1.6.364/xc8/avr/lib/avr5/memx-const/crtatmega328p.o
 .bss           0x0000000000000000        0x0 D:/Facultad/CDyM/7.0/Packs/atmel/ATmega_DFP/1.6.364/xc8/avr/lib/avr5/memx-const/crtatmega328p.o
 .text          0x0000000000000000        0x0 dht11.o
 .data          0x0000000000000000        0x0 dht11.o
 .bss           0x0000000000000000        0x0 dht11.o
 .text          0x0000000000000000        0x0 ds3231.o
 .data          0x0000000000000000        0x0 ds3231.o
 .bss           0x0000000000000000        0x0 ds3231.o
 .debug_line    0x0000000000000000        0x0 ds3231.o
 .debug_str     0x0000000000000000        0x0 ds3231.o
 .comment       0x0000000000000000       0x30 ds3231.o
 .text          0x0000000000000000        0x0 i2c.o
 .data          0x0000000000000000        0x0 i2c.o
 .bss           0x0000000000000000        0x0 i2c.o
 .debug_line    0x0000000000000000        0x0 i2c.o
 .debug_str     0x0000000000000000        0x0 i2c.o
 .comment       0x0000000000000000       0x30 i2c.o
 .text          0x0000000000000000        0x0 main.o
 .data          0x0000000000000000        0x0 main.o
 .bss           0x0000000000000000        0x0 main.o
 .text          0x0000000000000000        0x0 timer.o
 .data          0x0000000000000000        0x0 timer.o
 .bss           0x0000000000000000        0x0 timer.o
 .text          0x0000000000000000        0x0 uart.o
 .data          0x0000000000000000        0x0 uart.o
 .bss           0x0000000000000000        0x0 uart.o
 .text          0x0000000000000000        0x0 c:/program files/microchip/xc8/v3.10/avr/bin/../lib/gcc/avr/5.4.0/avr5/memx-const\libgcc.a(_copy_data.o)
 .data          0x0000000000000000        0x0 c:/program files/microchip/xc8/v3.10/avr/bin/../lib/gcc/avr/5.4.0/avr5/memx-const\libgcc.a(_copy_data.o)
 .bss           0x0000000000000000        0x0 c:/program files/microchip/xc8/v3.10/avr/bin/../lib/gcc/avr/5.4.0/avr5/memx-const\libgcc.a(_copy_data.o)
 .text.libgcc.mul
                0x0000000000000000        0x0 c:/program files/microchip/xc8/v3.10/avr/bin/../lib/gcc/avr/5.4.0/avr5/memx-const\libgcc.a(_copy_data.o)
 .text.libgcc.div
                0x0000000000000000        0x0 c:/program files/microchip/xc8/v3.10/avr/bin/../lib/gcc/avr/5.4.0/avr5/memx-const\libgcc.a(_copy_data.o)
 .text.libgcc   0x0000000000000000        0x0 c:/program files/microchip/xc8/v3.10/avr/bin/../lib/gcc/avr/5.4.0/avr5/memx-const\libgcc.a(_copy_data.o)
 .text.libgcc.prologue
                0x0000000000000000        0x0 c:/program files/microchip/xc8/v3.10/avr/bin/../lib/gcc/avr/5.4.0/avr5/memx-const\libgcc.a(_copy_data.o)
 .text.libgcc.builtins
                0x0000000000000000        0x0 c:/program files/microchip/xc8/v3.10/avr/bin/../lib/gcc/avr/5.4.0/avr5/memx-const\libgcc.a(_copy_data.o)
 .text.libgcc.fmul
                0x0000000000000000        0x0 c:/program files/microchip/xc8/v3.10/avr/bin/../lib/gcc/avr/5.4.0/avr5/memx-const\libgcc.a(_copy_data.o)
 .text.libgcc.fixed
                0x0000000000000000        0x0 c:/program files/microchip/xc8/v3.10/avr/bin/../lib/gcc/avr/5.4.0/avr5/memx-const\libgcc.a(_copy_data.o)
 .text          0x0000000000000000        0x0 c:/program files/microchip/xc8/v3.10/avr/bin/../lib/gcc/avr/5.4.0/../../../../avr/lib/avr5/memx-const\libc.a(exit.o)
 .data          0x0000000000000000        0x0 c:/program files/microchip/xc8/v3.10/avr/bin/../lib/gcc/avr/5.4.0/../../../../avr/lib/avr5/memx-const\libc.a(exit.o)
 .bss           0x0000000000000000        0x0 c:/program files/microchip/xc8/v3.10/avr/bin/../lib/gcc/avr/5.4.0/../../../../avr/lib/avr5/memx-const\libc.a(exit.o)
 .stack.descriptors
                0x0000000000000000       0x73 c:/program files/microchip/xc8/v3.10/avr/bin/../lib/gcc/avr/5.4.0/../../../../avr/lib/avr5/memx-const\libc.a(exit.o)
 .text          0x0000000000000000        0x0 c:/program files/microchip/xc8/v3.10/avr/bin/../lib/gcc/avr/5.4.0/../../../../avr/lib/avr5/memx-const\libc.a(__sio_sprintf_doux.o)
 .data          0x0000000000000000        0x0 c:/program files/microchip/xc8/v3.10/avr/bin/../lib/gcc/avr/5.4.0/../../../../avr/lib/avr5/memx-const\libc.a(__sio_sprintf_doux.o)
 .bss           0x0000000000000000        0x0 c:/program files/microchip/xc8/v3.10/avr/bin/../lib/gcc/avr/5.4.0/../../../../avr/lib/avr5/memx-const\libc.a(__sio_sprintf_doux.o)
 .stack.descriptors
                0x0000000000000000       0x3c c:/program files/microchip/xc8/v3.10/avr/bin/../lib/gcc/avr/5.4.0/../../../../avr/lib/avr5/memx-const\libc.a(__sio_sprintf_doux.o)
 .text.__sio_sprintf_doux
                0x0000000000000000       0x1a c:/program files/microchip/xc8/v3.10/avr/bin/../lib/gcc/avr/5.4.0/../../../../avr/lib/avr5/memx-const\libc.a(__sio_sprintf_doux.o)
 .text          0x0000000000000000        0x0 c:/program files/microchip/xc8/v3.10/avr/bin/../lib/gcc/avr/5.4.0/../../../../avr/lib/avr5/memx-const\libc.a(__fmt_d.o)
 .data          0x0000000000000000        0x0 c:/program files/microchip/xc8/v3.10/avr/bin/../lib/gcc/avr/5.4.0/../../../../avr/lib/avr5/memx-const\libc.a(__fmt_d.o)
 .bss           0x0000000000000000        0x0 c:/program files/microchip/xc8/v3.10/avr/bin/../lib/gcc/avr/5.4.0/../../../../avr/lib/avr5/memx-const\libc.a(__fmt_d.o)
 .stack.descriptors
                0x0000000000000000       0x15 c:/program files/microchip/xc8/v3.10/avr/bin/../lib/gcc/avr/5.4.0/../../../../avr/lib/avr5/memx-const\libc.a(__fmt_d.o)
 .text          0x0000000000000000        0x0 c:/program files/microchip/xc8/v3.10/avr/bin/../lib/gcc/avr/5.4.0/../../../../avr/lib/avr5/memx-const\libc.a(__fmt_o.o)
 .data          0x0000000000000000        0x0 c:/program files/microchip/xc8/v3.10/avr/bin/../lib/gcc/avr/5.4.0/../../../../avr/lib/avr5/memx-const\libc.a(__fmt_o.o)
 .bss           0x0000000000000000        0x0 c:/program files/microchip/xc8/v3.10/avr/bin/../lib/gcc/avr/5.4.0/../../../../avr/lib/avr5/memx-const\libc.a(__fmt_o.o)
 .stack.descriptors
                0x0000000000000000       0x15 c:/program files/microchip/xc8/v3.10/avr/bin/../lib/gcc/avr/5.4.0/../../../../avr/lib/avr5/memx-const\libc.a(__fmt_o.o)
 .text          0x0000000000000000        0x0 c:/program files/microchip/xc8/v3.10/avr/bin/../lib/gcc/avr/5.4.0/../../../../avr/lib/avr5/memx-const\libc.a(__fmt_s.o)
 .data          0x0000000000000000        0x0 c:/program files/microchip/xc8/v3.10/avr/bin/../lib/gcc/avr/5.4.0/../../../../avr/lib/avr5/memx-const\libc.a(__fmt_s.o)
 .bss           0x0000000000000000        0x0 c:/program files/microchip/xc8/v3.10/avr/bin/../lib/gcc/avr/5.4.0/../../../../avr/lib/avr5/memx-const\libc.a(__fmt_s.o)
 .stack.descriptors
                0x0000000000000000       0x15 c:/program files/microchip/xc8/v3.10/avr/bin/../lib/gcc/avr/5.4.0/../../../../avr/lib/avr5/memx-const\libc.a(__fmt_s.o)
 .text          0x0000000000000000        0x0 c:/program files/microchip/xc8/v3.10/avr/bin/../lib/gcc/avr/5.4.0/../../../../avr/lib/avr5/memx-const\libc.a(__fmt_u.o)
 .data          0x0000000000000000        0x0 c:/program files/microchip/xc8/v3.10/avr/bin/../lib/gcc/avr/5.4.0/../../../../avr/lib/avr5/memx-const\libc.a(__fmt_u.o)
 .bss           0x0000000000000000        0x0 c:/program files/microchip/xc8/v3.10/avr/bin/../lib/gcc/avr/5.4.0/../../../../avr/lib/avr5/memx-const\libc.a(__fmt_u.o)
 .stack.descriptors
                0x0000000000000000       0x2a c:/program files/microchip/xc8/v3.10/avr/bin/../lib/gcc/avr/5.4.0/../../../../avr/lib/avr5/memx-const\libc.a(__fmt_u.o)
 .text          0x0000000000000000        0x0 c:/program files/microchip/xc8/v3.10/avr/bin/../lib/gcc/avr/5.4.0/../../../../avr/lib/avr5/memx-const\libc.a(__fmt_x.o)
 .data          0x0000000000000000        0x0 c:/program files/microchip/xc8/v3.10/avr/bin/../lib/gcc/avr/5.4.0/../../../../avr/lib/avr5/memx-const\libc.a(__fmt_x.o)
 .bss           0x0000000000000000        0x0 c:/program files/microchip/xc8/v3.10/avr/bin/../lib/gcc/avr/5.4.0/../../../../avr/lib/avr5/memx-const\libc.a(__fmt_x.o)
 .stack.descriptors
                0x0000000000000000       0x15 c:/program files/microchip/xc8/v3.10/avr/bin/../lib/gcc/avr/5.4.0/../../../../avr/lib/avr5/memx-const\libc.a(__fmt_x.o)
 .text          0x0000000000000000        0x0 c:/program files/microchip/xc8/v3.10/avr/bin/../lib/gcc/avr/5.4.0/../../../../avr/lib/avr5/memx-const\libc.a(__pop_int.o)
 .data          0x0000000000000000        0x0 c:/program files/microchip/xc8/v3.10/avr/bin/../lib/gcc/avr/5.4.0/../../../../avr/lib/avr5/memx-const\libc.a(__pop_int.o)
 .bss           0x0000000000000000        0x0 c:/program files/microchip/xc8/v3.10/avr/bin/../lib/gcc/avr/5.4.0/../../../../avr/lib/avr5/memx-const\libc.a(__pop_int.o)
 .stack.descriptors
                0x0000000000000000       0x17 c:/program files/microchip/xc8/v3.10/avr/bin/../lib/gcc/avr/5.4.0/../../../../avr/lib/avr5/memx-const\libc.a(__pop_int.o)
 .text          0x0000000000000000        0x0 c:/program files/microchip/xc8/v3.10/avr/bin/../lib/gcc/avr/5.4.0/../../../../avr/lib/avr5/memx-const\libc.a(__printf_core.o)
 .data          0x0000000000000000        0x0 c:/program files/microchip/xc8/v3.10/avr/bin/../lib/gcc/avr/5.4.0/../../../../avr/lib/avr5/memx-const\libc.a(__printf_core.o)
 .bss           0x0000000000000000        0x0 c:/program files/microchip/xc8/v3.10/avr/bin/../lib/gcc/avr/5.4.0/../../../../avr/lib/avr5/memx-const\libc.a(__printf_core.o)
 .stack.descriptors
                0x0000000000000000       0x91 c:/program files/microchip/xc8/v3.10/avr/bin/../lib/gcc/avr/5.4.0/../../../../avr/lib/avr5/memx-const\libc.a(__printf_core.o)
 .text          0x0000000000000000        0x0 c:/program files/microchip/xc8/v3.10/avr/bin/../lib/gcc/avr/5.4.0/../../../../avr/lib/avr5/memx-const\libc.a(fputc.o)
 .data          0x0000000000000000        0x0 c:/program files/microchip/xc8/v3.10/avr/bin/../lib/gcc/avr/5.4.0/../../../../avr/lib/avr5/memx-const\libc.a(fputc.o)
 .bss           0x0000000000000000        0x0 c:/program files/microchip/xc8/v3.10/avr/bin/../lib/gcc/avr/5.4.0/../../../../avr/lib/avr5/memx-const\libc.a(fputc.o)
 .stack.descriptors
                0x0000000000000000       0x13 c:/program files/microchip/xc8/v3.10/avr/bin/../lib/gcc/avr/5.4.0/../../../../avr/lib/avr5/memx-const\libc.a(fputc.o)
 .text          0x0000000000000000        0x0 c:/program files/microchip/xc8/v3.10/avr/bin/../lib/gcc/avr/5.4.0/../../../../avr/lib/avr5/memx-const\libc.a(strlen.o)
 .data          0x0000000000000000        0x0 c:/program files/microchip/xc8/v3.10/avr/bin/../lib/gcc/avr/5.4.0/../../../../avr/lib/avr5/memx-const\libc.a(strlen.o)
 .bss           0x0000000000000000        0x0 c:/program files/microchip/xc8/v3.10/avr/bin/../lib/gcc/avr/5.4.0/../../../../avr/lib/avr5/memx-const\libc.a(strlen.o)
 .stack.descriptors
                0x0000000000000000       0x14 c:/program files/microchip/xc8/v3.10/avr/bin/../lib/gcc/avr/5.4.0/../../../../avr/lib/avr5/memx-const\libc.a(strlen.o)
 .text          0x0000000000000000        0x0 c:/program files/microchip/xc8/v3.10/avr/bin/../lib/gcc/avr/5.4.0/../../../../avr/lib/avr5/memx-const\libc.a(strncpy.o)
 .data          0x0000000000000000        0x0 c:/program files/microchip/xc8/v3.10/avr/bin/../lib/gcc/avr/5.4.0/../../../../avr/lib/avr5/memx-const\libc.a(strncpy.o)
 .bss           0x0000000000000000        0x0 c:/program files/microchip/xc8/v3.10/avr/bin/../lib/gcc/avr/5.4.0/../../../../avr/lib/avr5/memx-const\libc.a(strncpy.o)
 .stack.descriptors
                0x0000000000000000       0x15 c:/program files/microchip/xc8/v3.10/avr/bin/../lib/gcc/avr/5.4.0/../../../../avr/lib/avr5/memx-const\libc.a(strncpy.o)
 .text          0x0000000000000000        0x0 c:/program files/microchip/xc8/v3.10/avr/bin/../lib/gcc/avr/5.4.0/../../../../avr/lib/avr5/memx-const\libc.a(tolower.o)
 .data          0x0000000000000000        0x0 c:/program files/microchip/xc8/v3.10/avr/bin/../lib/gcc/avr/5.4.0/../../../../avr/lib/avr5/memx-const\libc.a(tolower.o)
 .bss           0x0000000000000000        0x0 c:/program files/microchip/xc8/v3.10/avr/bin/../lib/gcc/avr/5.4.0/../../../../avr/lib/avr5/memx-const\libc.a(tolower.o)
 .stack.descriptors
                0x0000000000000000       0x2e c:/program files/microchip/xc8/v3.10/avr/bin/../lib/gcc/avr/5.4.0/../../../../avr/lib/avr5/memx-const\libc.a(tolower.o)
 .text.__tolower_l
                0x0000000000000000        0x6 c:/program files/microchip/xc8/v3.10/avr/bin/../lib/gcc/avr/5.4.0/../../../../avr/lib/avr5/memx-const\libc.a(tolower.o)
 .text          0x0000000000000000        0x0 c:/program files/microchip/xc8/v3.10/avr/bin/../lib/gcc/avr/5.4.0/../../../../avr/lib/avr5/memx-const\libc.a(toupper.o)
 .data          0x0000000000000000        0x0 c:/program files/microchip/xc8/v3.10/avr/bin/../lib/gcc/avr/5.4.0/../../../../avr/lib/avr5/memx-const\libc.a(toupper.o)
 .bss           0x0000000000000000        0x0 c:/program files/microchip/xc8/v3.10/avr/bin/../lib/gcc/avr/5.4.0/../../../../avr/lib/avr5/memx-const\libc.a(toupper.o)
 .stack.descriptors
                0x0000000000000000       0x2e c:/program files/microchip/xc8/v3.10/avr/bin/../lib/gcc/avr/5.4.0/../../../../avr/lib/avr5/memx-const\libc.a(toupper.o)
 .text.__toupper_l
                0x0000000000000000        0x6 c:/program files/microchip/xc8/v3.10/avr/bin/../lib/gcc/avr/5.4.0/../../../../avr/lib/avr5/memx-const\libc.a(toupper.o)
 .text          0x0000000000000000        0x0 c:/program files/microchip/xc8/v3.10/avr/bin/../lib/gcc/avr/5.4.0/../../../../avr/lib/avr5/memx-const\libc.a(errno.o)
 .data          0x0000000000000000        0x0 c:/program files/microchip/xc8/v3.10/avr/bin/../lib/gcc/avr/5.4.0/../../../../avr/lib/avr5/memx-const\libc.a(errno.o)
 .bss           0x0000000000000000        0x0 c:/program files/microchip/xc8/v3.10/avr/bin/../lib/gcc/avr/5.4.0/../../../../avr/lib/avr5/memx-const\libc.a(errno.o)
 .text          0x0000000000000000        0x0 c:/program files/microchip/xc8/v3.10/avr/bin/../lib/gcc/avr/5.4.0/../../../../avr/lib/avr5/memx-const\libc.a(_Exit.o)
 .data          0x0000000000000000        0x0 c:/program files/microchip/xc8/v3.10/avr/bin/../lib/gcc/avr/5.4.0/../../../../avr/lib/avr5/memx-const\libc.a(_Exit.o)
 .bss           0x0000000000000000        0x0 c:/program files/microchip/xc8/v3.10/avr/bin/../lib/gcc/avr/5.4.0/../../../../avr/lib/avr5/memx-const\libc.a(_Exit.o)
 .stack.descriptors
                0x0000000000000000       0x13 c:/program files/microchip/xc8/v3.10/avr/bin/../lib/gcc/avr/5.4.0/../../../../avr/lib/avr5/memx-const\libc.a(_Exit.o)
 .text          0x0000000000000000        0x0 c:/program files/microchip/xc8/v3.10/avr/bin/../lib/gcc/avr/5.4.0/../../../../avr/lib/avr5/memx-const\libc.a(__int_vsprintf.o)
 .data          0x0000000000000000        0x0 c:/program files/microchip/xc8/v3.10/avr/bin/../lib/gcc/avr/5.4.0/../../../../avr/lib/avr5/memx-const\libc.a(__int_vsprintf.o)
 .bss           0x0000000000000000        0x0 c:/program files/microchip/xc8/v3.10/avr/bin/../lib/gcc/avr/5.4.0/../../../../avr/lib/avr5/memx-const\libc.a(__int_vsprintf.o)
 .stack.descriptors
                0x0000000000000000       0x18 c:/program files/microchip/xc8/v3.10/avr/bin/../lib/gcc/avr/5.4.0/../../../../avr/lib/avr5/memx-const\libc.a(__int_vsprintf.o)
 .text          0x0000000000000000        0x0 c:/program files/microchip/xc8/v3.10/avr/bin/../lib/gcc/avr/5.4.0/../../../../avr/lib/avr5/memx-const\libc.a(__int_vsnprintf.o)
 .data          0x0000000000000000        0x0 c:/program files/microchip/xc8/v3.10/avr/bin/../lib/gcc/avr/5.4.0/../../../../avr/lib/avr5/memx-const\libc.a(__int_vsnprintf.o)
 .bss           0x0000000000000000        0x0 c:/program files/microchip/xc8/v3.10/avr/bin/../lib/gcc/avr/5.4.0/../../../../avr/lib/avr5/memx-const\libc.a(__int_vsnprintf.o)
 .stack.descriptors
                0x0000000000000000       0x19 c:/program files/microchip/xc8/v3.10/avr/bin/../lib/gcc/avr/5.4.0/../../../../avr/lib/avr5/memx-const\libc.a(__int_vsnprintf.o)
 .text          0x0000000000000000        0x0 c:/program files/microchip/xc8/v3.10/avr/bin/../lib/gcc/avr/5.4.0/../../../../avr/lib/avr5/memx-const\libc.a(__int_vfprintf.o)
 .data          0x0000000000000000        0x0 c:/program files/microchip/xc8/v3.10/avr/bin/../lib/gcc/avr/5.4.0/../../../../avr/lib/avr5/memx-const\libc.a(__int_vfprintf.o)
 .bss           0x0000000000000000        0x0 c:/program files/microchip/xc8/v3.10/avr/bin/../lib/gcc/avr/5.4.0/../../../../avr/lib/avr5/memx-const\libc.a(__int_vfprintf.o)
 .stack.descriptors
                0x0000000000000000       0x18 c:/program files/microchip/xc8/v3.10/avr/bin/../lib/gcc/avr/5.4.0/../../../../avr/lib/avr5/memx-const\libc.a(__int_vfprintf.o)
 .text          0x0000000000000000        0x0 c:/program files/microchip/xc8/v3.10/avr/bin/../lib/gcc/avr/5.4.0/avr5/memx-const\libgcc.a(_udivmodsi4.o)
 .data          0x0000000000000000        0x0 c:/program files/microchip/xc8/v3.10/avr/bin/../lib/gcc/avr/5.4.0/avr5/memx-const\libgcc.a(_udivmodsi4.o)
 .bss           0x0000000000000000        0x0 c:/program files/microchip/xc8/v3.10/avr/bin/../lib/gcc/avr/5.4.0/avr5/memx-const\libgcc.a(_udivmodsi4.o)
 .text.libgcc.mul
                0x0000000000000000        0x0 c:/program files/microchip/xc8/v3.10/avr/bin/../lib/gcc/avr/5.4.0/avr5/memx-const\libgcc.a(_udivmodsi4.o)
 .stack.descriptors
                0x0000000000000000       0x1a c:/program files/microchip/xc8/v3.10/avr/bin/../lib/gcc/avr/5.4.0/avr5/memx-const\libgcc.a(_udivmodsi4.o)
 .text.libgcc   0x0000000000000000        0x0 c:/program files/microchip/xc8/v3.10/avr/bin/../lib/gcc/avr/5.4.0/avr5/memx-const\libgcc.a(_udivmodsi4.o)
 .text.libgcc.prologue
                0x0000000000000000        0x0 c:/program files/microchip/xc8/v3.10/avr/bin/../lib/gcc/avr/5.4.0/avr5/memx-const\libgcc.a(_udivmodsi4.o)
 .text.libgcc.builtins
                0x0000000000000000        0x0 c:/program files/microchip/xc8/v3.10/avr/bin/../lib/gcc/avr/5.4.0/avr5/memx-const\libgcc.a(_udivmodsi4.o)
 .text.libgcc.fmul
                0x0000000000000000        0x0 c:/program files/microchip/xc8/v3.10/avr/bin/../lib/gcc/avr/5.4.0/avr5/memx-const\libgcc.a(_udivmodsi4.o)
 .text.libgcc.fixed
                0x0000000000000000        0x0 c:/program files/microchip/xc8/v3.10/avr/bin/../lib/gcc/avr/5.4.0/avr5/memx-const\libgcc.a(_udivmodsi4.o)
 .text          0x0000000000000000        0x0 c:/program files/microchip/xc8/v3.10/avr/bin/../lib/gcc/avr/5.4.0/avr5/memx-const\libgcc.a(_exit.o)
 .data          0x0000000000000000        0x0 c:/program files/microchip/xc8/v3.10/avr/bin/../lib/gcc/avr/5.4.0/avr5/memx-const\libgcc.a(_exit.o)
 .bss           0x0000000000000000        0x0 c:/program files/microchip/xc8/v3.10/avr/bin/../lib/gcc/avr/5.4.0/avr5/memx-const\libgcc.a(_exit.o)
 .text.libgcc.mul
                0x0000000000000000        0x0 c:/program files/microchip/xc8/v3.10/avr/bin/../lib/gcc/avr/5.4.0/avr5/memx-const\libgcc.a(_exit.o)
 .text.libgcc.div
                0x0000000000000000        0x0 c:/program files/microchip/xc8/v3.10/avr/bin/../lib/gcc/avr/5.4.0/avr5/memx-const\libgcc.a(_exit.o)
 .text.libgcc   0x0000000000000000        0x0 c:/program files/microchip/xc8/v3.10/avr/bin/../lib/gcc/avr/5.4.0/avr5/memx-const\libgcc.a(_exit.o)
 .text.libgcc.prologue
                0x0000000000000000        0x0 c:/program files/microchip/xc8/v3.10/avr/bin/../lib/gcc/avr/5.4.0/avr5/memx-const\libgcc.a(_exit.o)
 .stack.descriptors
                0x0000000000000000       0x13 c:/program files/microchip/xc8/v3.10/avr/bin/../lib/gcc/avr/5.4.0/avr5/memx-const\libgcc.a(_exit.o)
 .text.libgcc.builtins
                0x0000000000000000        0x0 c:/program files/microchip/xc8/v3.10/avr/bin/../lib/gcc/avr/5.4.0/avr5/memx-const\libgcc.a(_exit.o)
 .text.libgcc.fmul
                0x0000000000000000        0x0 c:/program files/microchip/xc8/v3.10/avr/bin/../lib/gcc/avr/5.4.0/avr5/memx-const\libgcc.a(_exit.o)
 .text.libgcc.fixed
                0x0000000000000000        0x0 c:/program files/microchip/xc8/v3.10/avr/bin/../lib/gcc/avr/5.4.0/avr5/memx-const\libgcc.a(_exit.o)
 .text          0x0000000000000000        0x0 c:/program files/microchip/xc8/v3.10/avr/bin/../lib/gcc/avr/5.4.0/avr5/memx-const\libgcc.a(_prologue.o)
 .data          0x0000000000000000        0x0 c:/program files/microchip/xc8/v3.10/avr/bin/../lib/gcc/avr/5.4.0/avr5/memx-const\libgcc.a(_prologue.o)
 .bss           0x0000000000000000        0x0 c:/program files/microchip/xc8/v3.10/avr/bin/../lib/gcc/avr/5.4.0/avr5/memx-const\libgcc.a(_prologue.o)
 .text.libgcc.mul
                0x0000000000000000        0x0 c:/program files/microchip/xc8/v3.10/avr/bin/../lib/gcc/avr/5.4.0/avr5/memx-const\libgcc.a(_prologue.o)
 .text.libgcc.div
                0x0000000000000000        0x0 c:/program files/microchip/xc8/v3.10/avr/bin/../lib/gcc/avr/5.4.0/avr5/memx-const\libgcc.a(_prologue.o)
 .text.libgcc   0x0000000000000000        0x0 c:/program files/microchip/xc8/v3.10/avr/bin/../lib/gcc/avr/5.4.0/avr5/memx-const\libgcc.a(_prologue.o)
 .text.libgcc.builtins
                0x0000000000000000        0x0 c:/program files/microchip/xc8/v3.10/avr/bin/../lib/gcc/avr/5.4.0/avr5/memx-const\libgcc.a(_prologue.o)
 .text.libgcc.fmul
                0x0000000000000000        0x0 c:/program files/microchip/xc8/v3.10/avr/bin/../lib/gcc/avr/5.4.0/avr5/memx-const\libgcc.a(_prologue.o)
 .text.libgcc.fixed
                0x0000000000000000        0x0 c:/program files/microchip/xc8/v3.10/avr/bin/../lib/gcc/avr/5.4.0/avr5/memx-const\libgcc.a(_prologue.o)
 .text          0x0000000000000000        0x0 c:/program files/microchip/xc8/v3.10/avr/bin/../lib/gcc/avr/5.4.0/avr5/memx-const\libgcc.a(_epilogue.o)
 .data          0x0000000000000000        0x0 c:/program files/microchip/xc8/v3.10/avr/bin/../lib/gcc/avr/5.4.0/avr5/memx-const\libgcc.a(_epilogue.o)
 .bss           0x0000000000000000        0x0 c:/program files/microchip/xc8/v3.10/avr/bin/../lib/gcc/avr/5.4.0/avr5/memx-const\libgcc.a(_epilogue.o)
 .text.libgcc.mul
                0x0000000000000000        0x0 c:/program files/microchip/xc8/v3.10/avr/bin/../lib/gcc/avr/5.4.0/avr5/memx-const\libgcc.a(_epilogue.o)
 .text.libgcc.div
                0x0000000000000000        0x0 c:/program files/microchip/xc8/v3.10/avr/bin/../lib/gcc/avr/5.4.0/avr5/memx-const\libgcc.a(_epilogue.o)
 .text.libgcc   0x0000000000000000        0x0 c:/program files/microchip/xc8/v3.10/avr/bin/../lib/gcc/avr/5.4.0/avr5/memx-const\libgcc.a(_epilogue.o)
 .text.libgcc.builtins
                0x0000000000000000        0x0 c:/program files/microchip/xc8/v3.10/avr/bin/../lib/gcc/avr/5.4.0/avr5/memx-const\libgcc.a(_epilogue.o)
 .text.libgcc.fmul
                0x0000000000000000        0x0 c:/program files/microchip/xc8/v3.10/avr/bin/../lib/gcc/avr/5.4.0/avr5/memx-const\libgcc.a(_epilogue.o)
 .text.libgcc.fixed
                0x0000000000000000        0x0 c:/program files/microchip/xc8/v3.10/avr/bin/../lib/gcc/avr/5.4.0/avr5/memx-const\libgcc.a(_epilogue.o)

Memory Configuration

Name             Origin             Length             Attributes
text             0x0000000000000000 0x0000000000008000 xr
data             0x0000000000800100 0x0000000000000800 rw !x
eeprom           0x0000000000810000 0x0000000000000400 rw !x
fuse             0x0000000000820000 0x0000000000000003 rw !x
lock             0x0000000000830000 0x0000000000000400 rw !x
signature        0x0000000000840000 0x0000000000000400 rw !x
user_signatures  0x0000000000850000 0x0000000000000400 rw !x
bootrow          0x0000000000860000 0x0000000000000400 rw !x
*default*        0x0000000000000000 0xffffffffffffffff

Linker script and memory map

Address of section .data set to 0x800100
LOAD D:/Facultad/CDyM/7.0/Packs/atmel/ATmega_DFP/1.6.364/xc8/avr/lib/avr5/memx-const/crtatmega328p.o
LOAD dht11.o
LOAD ds3231.o
LOAD i2c.o
LOAD main.o
LOAD timer.o
LOAD uart.o
START GROUP
LOAD c:/program files/microchip/xc8/v3.10/avr/bin/../lib/gcc/avr/5.4.0/../../../../avr/lib/avr5/memx-const\libm.a
END GROUP
START GROUP
LOAD c:/program files/microchip/xc8/v3.10/avr/bin/../lib/gcc/avr/5.4.0/avr5/memx-const\libgcc.a
LOAD c:/program files/microchip/xc8/v3.10/avr/bin/../lib/gcc/avr/5.4.0/../../../../avr/lib/avr5/memx-const\libm.a
LOAD c:/program files/microchip/xc8/v3.10/avr/bin/../lib/gcc/avr/5.4.0/../../../../avr/lib/avr5/memx-const\libc.a
LOAD D:/Facultad/CDyM/7.0/Packs/atmel/ATmega_DFP/1.6.364/xc8/avr/lib/avr5/memx-const\libatmega328p.a
END GROUP
                0x0000000000000000                __TEXT_REGION_ORIGIN__ = DEFINED (__TEXT_REGION_ORIGIN__)?__TEXT_REGION_ORIGIN__:0x0
                [0x0000000000800100]                __DATA_REGION_ORIGIN__ = DEFINED (__DATA_REGION_ORIGIN__)?__DATA_REGION_ORIGIN__:0x800060
                [0x0000000000008000]                __TEXT_REGION_LENGTH__ = DEFINED (__TEXT_REGION_LENGTH__)?__TEXT_REGION_LENGTH__:0x20000
                [0x0000000000000800]                __DATA_REGION_LENGTH__ = DEFINED (__DATA_REGION_LENGTH__)?__DATA_REGION_LENGTH__:0xffa0
                [0x0000000000000400]                __EEPROM_REGION_LENGTH__ = DEFINED (__EEPROM_REGION_LENGTH__)?__EEPROM_REGION_LENGTH__:0x10000
                [0x0000000000000003]                __FUSE_REGION_LENGTH__ = DEFINED (__FUSE_REGION_LENGTH__)?__FUSE_REGION_LENGTH__:0x400
                0x0000000000000400                __LOCK_REGION_LENGTH__ = DEFINED (__LOCK_REGION_LENGTH__)?__LOCK_REGION_LENGTH__:0x400
                0x0000000000000400                __SIGNATURE_REGION_LENGTH__ = DEFINED (__SIGNATURE_REGION_LENGTH__)?__SIGNATURE_REGION_LENGTH__:0x400
                0x0000000000000400                __USER_SIGNATURE_REGION_LENGTH__ = DEFINED (__USER_SIGNATURE_REGION_LENGTH__)?__USER_SIGNATURE_REGION_LENGTH__:0x400
                0x0000000000000400                __BOOTROW_REGION_LENGTH__ = DEFINED (__BOOTROW_REGION_LENGTH__)?__BOOTROW_REGION_LENGTH__:0x400

.hash
 *(.hash)

.dynsym
 *(.dynsym)

.dynstr
 *(.dynstr)

.gnu.version
 *(.gnu.version)

.gnu.version_d
 *(.gnu.version_d)

.gnu.version_r
 *(.gnu.version_r)

.rel.init
 *(.rel.init)

.rela.init
 *(.rela.init)

.rel.text
 *(.rel.text)
 *(.rel.text.*)
 *(.rel.gnu.linkonce.t*)

.rela.text
 *(.rela.text)
 *(.rela.text.*)
 *(.rela.gnu.linkonce.t*)

.rel.fini
 *(.rel.fini)

.rela.fini
 *(.rela.fini)

.rel.rodata
 *(.rel.rodata)
 *(.rel.rodata.*)
 *(.rel.gnu.linkonce.r*)

.rela.rodata
 *(.rela.rodata)
 *(.rela.rodata.*)
 *(.rela.gnu.linkonce.r*)

.rel.data
 *(.rel.data)
 *(.rel.data.*)
 *(.rel.gnu.linkonce.d*)

.rela.data
 *(.rela.data)
 *(.rela.data.*)
 *(.rela.gnu.linkonce.d*)

.rel.ctors
 *(.rel.ctors)

.rela.ctors
 *(.rela.ctors)

.rel.dtors
 *(.rel.dtors)

.rela.dtors
 *(.rela.dtors)

.rel.got
 *(.rel.got)

.rela.got
 *(.rela.got)

.rel.bss
 *(.rel.bss)

.rela.bss
 *(.rela.bss)

.rel.plt
 *(.rel.plt)

.rela.plt
 *(.rela.plt)

.text           0x0000000000000000       0xd4
 *(.vectors)
 .vectors       0x0000000000000000       0x68 D:/Facultad/CDyM/7.0/Packs/atmel/ATmega_DFP/1.6.364/xc8/avr/lib/avr5/memx-const/crtatmega328p.o
                0x0000000000000000                __vector_default
                0x0000000000000000                __vectors
 *(.vectors)
 *(.progmem.gcc*)
 *(.dinit)
 .dinit         0x0000000000000068       0x18 data_init
                0x0000000000000080                . = ALIGN (0x2)
                0x0000000000000080                __trampolines_start = .
 *(.trampolines)
 .trampolines   0x0000000000000080        0x0 linker stubs
 *(.trampolines*)
                0x0000000000000080                __trampolines_end = .
 *libprintf_flt.a:*(.progmem.data)
 *libc.a:*(.progmem.data)
                0x0000000000000080                . = ALIGN (0x2)
 *(.jumptables)
 *(.jumptables*)
 *(.lowtext)
 *(.lowtext*)
                0x0000000000000080                __ctors_start = .
 *(.ctors)
                0x0000000000000080                __ctors_end = .
                0x0000000000000080                __dtors_start = .
 *(.dtors)
                0x0000000000000080                __dtors_end = .
 SORT(*)(.ctors)
 SORT(*)(.dtors)
 *(.init0)
 .init0         0x0000000000000080        0x0 D:/Facultad/CDyM/7.0/Packs/atmel/ATmega_DFP/1.6.364/xc8/avr/lib/avr5/memx-const/crtatmega328p.o
                0x0000000000000080                __init
 *(.init0)
 *(.init1)
 *(.init1)
 *(.init2)
 .init2         0x0000000000000080        0xc D:/Facultad/CDyM/7.0/Packs/atmel/ATmega_DFP/1.6.364/xc8/avr/lib/avr5/memx-const/crtatmega328p.o
 *(.init2)
 *(.init3)
 *(.init3)
 *(.init4)
 .init4         0x000000000000008c       0x3c c:/program files/microchip/xc8/v3.10/avr/bin/../lib/gcc/avr/5.4.0/avr5/memx-const\libgcc.a(_copy_data.o)
                0x000000000000008c                __do_copy_data
                0x00000000000000ba                __do_clear_bss
 *(.init4)
 *(.init5)
 *(.init5)
 *(.init6)
 *(.init6)
 *(.init7)
 *(.init7)
 *(.init8)
 *(.init8)
 *(.init9)
 .init9         0x00000000000000c8        0x8 D:/Facultad/CDyM/7.0/Packs/atmel/ATmega_DFP/1.6.364/xc8/avr/lib/avr5/memx-const/crtatmega328p.o
 *(.init9)
                0x00000000000000d0                . = ALIGN (0x2)
 *(.fini9)
 .fini9         0x00000000000000d0        0x0 c:/program files/microchip/xc8/v3.10/avr/bin/../lib/gcc/avr/5.4.0/avr5/memx-const\libgcc.a(_exit.o)
                0x00000000000000d0                _exit
 *(.fini9)
 *(.fini8)
 *(.fini8)
 *(.fini7)
 *(.fini7)
 *(.fini6)
 *(.fini6)
 *(.fini5)
 *(.fini5)
 *(.fini4)
 *(.fini4)
 *(.fini3)
 *(.fini3)
 *(.fini2)
 *(.fini2)
 *(.fini1)
 *(.fini1)
 *(.fini0)
 .fini0         0x00000000000000d0        0x4 c:/program files/microchip/xc8/v3.10/avr/bin/../lib/gcc/avr/5.4.0/avr5/memx-const\libgcc.a(_exit.o)
 *(.fini0)
                0x00000000000000d4                _etext = .

.data           0x0000000000800100        0x0 load address 0x00000000000000d4
                [!provide]                        PROVIDE (__data_start, .)
 *(.gnu.linkonce.d*)
 *(.gnu.linkonce.r*)
                0x0000000000800100                . = ALIGN (0x2)
                0x0000000000800100                _edata = .
                [!provide]                        PROVIDE (__data_end, .)

.bss            0x0000000000800100        0xc
                [!provide]                        PROVIDE (__bss_start, .)
 *(COMMON)
 COMMON         0x0000000000800100        0x8 dht11.o
                0x0000000000800100                t_actual
                0x0000000000800102                t_inicio_pulso
                0x0000000000800104                ignorar_flanco
                0x0000000000800105                duracion
                0x0000000000800107                checksum
 COMMON         0x0000000000800108        0x2 main.o
                0x0000000000800108                humedad
                0x0000000000800109                temperatura
 COMMON         0x000000000080010a        0x2 c:/program files/microchip/xc8/v3.10/avr/bin/../lib/gcc/avr/5.4.0/../../../../avr/lib/avr5/memx-const\libc.a(errno.o)
                0x000000000080010a                __errno_val
                [!provide]                        PROVIDE (__bss_end, .)
                0x00000000000000d4                __data_load_start = LOADADDR (.data)
                0x00000000000000d4                __data_load_end = (__data_load_start + SIZEOF (.data))

.noinit         0x000000000080010c        0x0
                [!provide]                        PROVIDE (__noinit_start, .)
 *(.noinit*)
                [!provide]                        PROVIDE (__noinit_end, .)
                0x000000000080010c                _end = .

.eeprom         0x0000000000810000        0x0
 *(.eeprom*)
                0x0000000000810000                __eeprom_end = .

.fuse
 *(.fuse)
 *(.lfuse)
 *(.hfuse)
 *(.efuse)

.lock
 *(.lock*)

.signature
 *(.signature*)

.user_signatures
 *(.user_signatures*)

.bootrow
 *(.bootrow*)

.stab
 *(.stab)

.stabstr
 *(.stabstr)

.stab.excl
 *(.stab.excl)

.stab.exclstr
 *(.stab.exclstr)

.stab.index
 *(.stab.index)

.stab.indexstr
 *(.stab.indexstr)

.comment        0x0000000000000000       0x5b
 *(.comment)
 .comment       0x0000000000000000       0x2f dht11.o
                                         0x30 (size before relaxing)
 .comment       0x000000000000002f       0x30 main.o
 .comment       0x000000000000002f       0x30 timer.o
 .comment       0x000000000000002f       0x30 uart.o
 .comment       0x000000000000002f       0x2c c:/program files/microchip/xc8/v3.10/avr/bin/../lib/gcc/avr/5.4.0/../../../../avr/lib/avr5/memx-const\libc.a(exit.o)
                                         0x2d (size before relaxing)
 .comment       0x000000000000005b       0x2d c:/program files/microchip/xc8/v3.10/avr/bin/../lib/gcc/avr/5.4.0/../../../../avr/lib/avr5/memx-const\libc.a(__sio_sprintf_doux.o)
 .comment       0x000000000000005b       0x2d c:/program files/microchip/xc8/v3.10/avr/bin/../lib/gcc/avr/5.4.0/../../../../avr/lib/avr5/memx-const\libc.a(__fmt_d.o)
 .comment       0x000000000000005b       0x2d c:/program files/microchip/xc8/v3.10/avr/bin/../lib/gcc/avr/5.4.0/../../../../avr/lib/avr5/memx-const\libc.a(__fmt_o.o)
 .comment       0x000000000000005b       0x2d c:/program files/microchip/xc8/v3.10/avr/bin/../lib/gcc/avr/5.4.0/../../../../avr/lib/avr5/memx-const\libc.a(__fmt_s.o)
 .comment       0x000000000000005b       0x2d c:/program files/microchip/xc8/v3.10/avr/bin/../lib/gcc/avr/5.4.0/../../../../avr/lib/avr5/memx-const\libc.a(__fmt_u.o)
 .comment       0x000000000000005b       0x2d c:/program files/microchip/xc8/v3.10/avr/bin/../lib/gcc/avr/5.4.0/../../../../avr/lib/avr5/memx-const\libc.a(__fmt_x.o)
 .comment       0x000000000000005b       0x2d c:/program files/microchip/xc8/v3.10/avr/bin/../lib/gcc/avr/5.4.0/../../../../avr/lib/avr5/memx-const\libc.a(__pop_int.o)
 .comment       0x000000000000005b       0x2d c:/program files/microchip/xc8/v3.10/avr/bin/../lib/gcc/avr/5.4.0/../../../../avr/lib/avr5/memx-const\libc.a(__printf_core.o)
 .comment       0x000000000000005b       0x2d c:/program files/microchip/xc8/v3.10/avr/bin/../lib/gcc/avr/5.4.0/../../../../avr/lib/avr5/memx-const\libc.a(fputc.o)
 .comment       0x000000000000005b       0x2d c:/program files/microchip/xc8/v3.10/avr/bin/../lib/gcc/avr/5.4.0/../../../../avr/lib/avr5/memx-const\libc.a(strlen.o)
 .comment       0x000000000000005b       0x2d c:/program files/microchip/xc8/v3.10/avr/bin/../lib/gcc/avr/5.4.0/../../../../avr/lib/avr5/memx-const\libc.a(strncpy.o)
 .comment       0x000000000000005b       0x2d c:/program files/microchip/xc8/v3.10/avr/bin/../lib/gcc/avr/5.4.0/../../../../avr/lib/avr5/memx-const\libc.a(tolower.o)
 .comment       0x000000000000005b       0x2d c:/program files/microchip/xc8/v3.10/avr/bin/../lib/gcc/avr/5.4.0/../../../../avr/lib/avr5/memx-const\libc.a(toupper.o)
 .comment       0x000000000000005b       0x2d c:/program files/microchip/xc8/v3.10/avr/bin/../lib/gcc/avr/5.4.0/../../../../avr/lib/avr5/memx-const\libc.a(errno.o)
 .comment       0x000000000000005b       0x2d c:/program files/microchip/xc8/v3.10/avr/bin/../lib/gcc/avr/5.4.0/../../../../avr/lib/avr5/memx-const\libc.a(_Exit.o)
 .comment       0x000000000000005b       0x2d c:/program files/microchip/xc8/v3.10/avr/bin/../lib/gcc/avr/5.4.0/../../../../avr/lib/avr5/memx-const\libc.a(__int_vsprintf.o)
 .comment       0x000000000000005b       0x2d c:/program files/microchip/xc8/v3.10/avr/bin/../lib/gcc/avr/5.4.0/../../../../avr/lib/avr5/memx-const\libc.a(__int_vsnprintf.o)
 .comment       0x000000000000005b       0x2d c:/program files/microchip/xc8/v3.10/avr/bin/../lib/gcc/avr/5.4.0/../../../../avr/lib/avr5/memx-const\libc.a(__int_vfprintf.o)

.stack.descriptors.hdr
                0x0000000000000000      0x126
 .stack.descriptors.hdr
                0x0000000000000000        0xe c:/program files/microchip/xc8/v3.10/avr/bin/../lib/gcc/avr/5.4.0/../../../../avr/lib/avr5/memx-const\libc.a(exit.o)
 .stack.descriptors.hdr
                0x000000000000000e        0xe c:/program files/microchip/xc8/v3.10/avr/bin/../lib/gcc/avr/5.4.0/../../../../avr/lib/avr5/memx-const\libc.a(__sio_sprintf_doux.o)
 .stack.descriptors.hdr
                0x000000000000001c        0xe c:/program files/microchip/xc8/v3.10/avr/bin/../lib/gcc/avr/5.4.0/../../../../avr/lib/avr5/memx-const\libc.a(__fmt_d.o)
 .stack.descriptors.hdr
                0x000000000000002a        0xe c:/program files/microchip/xc8/v3.10/avr/bin/../lib/gcc/avr/5.4.0/../../../../avr/lib/avr5/memx-const\libc.a(__fmt_o.o)
 .stack.descriptors.hdr
                0x0000000000000038        0xe c:/program files/microchip/xc8/v3.10/avr/bin/../lib/gcc/avr/5.4.0/../../../../avr/lib/avr5/memx-const\libc.a(__fmt_s.o)
 .stack.descriptors.hdr
                0x0000000000000046        0xe c:/program files/microchip/xc8/v3.10/avr/bin/../lib/gcc/avr/5.4.0/../../../../avr/lib/avr5/memx-const\libc.a(__fmt_u.o)
 .stack.descriptors.hdr
                0x0000000000000054        0xe c:/program files/microchip/xc8/v3.10/avr/bin/../lib/gcc/avr/5.4.0/../../../../avr/lib/avr5/memx-const\libc.a(__fmt_x.o)
 .stack.descriptors.hdr
                0x0000000000000062        0xe c:/program files/microchip/xc8/v3.10/avr/bin/../lib/gcc/avr/5.4.0/../../../../avr/lib/avr5/memx-const\libc.a(__pop_int.o)
 .stack.descriptors.hdr
                0x0000000000000070        0xe c:/program files/microchip/xc8/v3.10/avr/bin/../lib/gcc/avr/5.4.0/../../../../avr/lib/avr5/memx-const\libc.a(__printf_core.o)
 .stack.descriptors.hdr
                0x000000000000007e        0xe c:/program files/microchip/xc8/v3.10/avr/bin/../lib/gcc/avr/5.4.0/../../../../avr/lib/avr5/memx-const\libc.a(fputc.o)
 .stack.descriptors.hdr
                0x000000000000008c        0xe c:/program files/microchip/xc8/v3.10/avr/bin/../lib/gcc/avr/5.4.0/../../../../avr/lib/avr5/memx-const\libc.a(strlen.o)
 .stack.descriptors.hdr
                0x000000000000009a        0xe c:/program files/microchip/xc8/v3.10/avr/bin/../lib/gcc/avr/5.4.0/../../../../avr/lib/avr5/memx-const\libc.a(strncpy.o)
 .stack.descriptors.hdr
                0x00000000000000a8        0xe c:/program files/microchip/xc8/v3.10/avr/bin/../lib/gcc/avr/5.4.0/../../../../avr/lib/avr5/memx-const\libc.a(tolower.o)
 .stack.descriptors.hdr
                0x00000000000000b6        0xe c:/program files/microchip/xc8/v3.10/avr/bin/../lib/gcc/avr/5.4.0/../../../../avr/lib/avr5/memx-const\libc.a(toupper.o)
 .stack.descriptors.hdr
                0x00000000000000c4        0xe c:/program files/microchip/xc8/v3.10/avr/bin/../lib/gcc/avr/5.4.0/../../../../avr/lib/avr5/memx-const\libc.a(errno.o)
 .stack.descriptors.hdr
                0x00000000000000d2        0xe c:/program files/microchip/xc8/v3.10/avr/bin/../lib/gcc/avr/5.4.0/../../../../avr/lib/avr5/memx-const\libc.a(_Exit.o)
 .stack.descriptors.hdr
                0x00000000000000e0        0xe c:/program files/microchip/xc8/v3.10/avr/bin/../lib/gcc/avr/5.4.0/../../../../avr/lib/avr5/memx-const\libc.a(__int_vsprintf.o)
 .stack.descriptors.hdr
                0x00000000000000ee        0xe c:/program files/microchip/xc8/v3.10/avr/bin/../lib/gcc/avr/5.4.0/../../../../avr/lib/avr5/memx-const\libc.a(__int_vsnprintf.o)
 .stack.descriptors.hdr
                0x00000000000000fc        0xe c:/program files/microchip/xc8/v3.10/avr/bin/../lib/gcc/avr/5.4.0/../../../../avr/lib/avr5/memx-const\libc.a(__int_vfprintf.o)
 .stack.descriptors.hdr
                0x000000000000010a        0xe c:/program files/microchip/xc8/v3.10/avr/bin/../lib/gcc/avr/5.4.0/avr5/memx-const\libgcc.a(_udivmodsi4.o)
 .stack.descriptors.hdr
                0x0000000000000118        0xe c:/program files/microchip/xc8/v3.10/avr/bin/../lib/gcc/avr/5.4.0/avr5/memx-const\libgcc.a(_exit.o)

.note.GNU-stack
                0x0000000000000000        0x0
 .note.GNU-stack
                0x0000000000000000        0x0 c:/program files/microchip/xc8/v3.10/avr/bin/../lib/gcc/avr/5.4.0/../../../../avr/lib/avr5/memx-const\libc.a(exit.o)
 .note.GNU-stack
                0x0000000000000000        0x0 c:/program files/microchip/xc8/v3.10/avr/bin/../lib/gcc/avr/5.4.0/../../../../avr/lib/avr5/memx-const\libc.a(__sio_sprintf_doux.o)
 .note.GNU-stack
                0x0000000000000000        0x0 c:/program files/microchip/xc8/v3.10/avr/bin/../lib/gcc/avr/5.4.0/../../../../avr/lib/avr5/memx-const\libc.a(__fmt_d.o)
 .note.GNU-stack
                0x0000000000000000        0x0 c:/program files/microchip/xc8/v3.10/avr/bin/../lib/gcc/avr/5.4.0/../../../../avr/lib/avr5/memx-const\libc.a(__fmt_o.o)
 .note.GNU-stack
                0x0000000000000000        0x0 c:/program files/microchip/xc8/v3.10/avr/bin/../lib/gcc/avr/5.4.0/../../../../avr/lib/avr5/memx-const\libc.a(__fmt_s.o)
 .note.GNU-stack
                0x0000000000000000        0x0 c:/program files/microchip/xc8/v3.10/avr/bin/../lib/gcc/avr/5.4.0/../../../../avr/lib/avr5/memx-const\libc.a(__fmt_u.o)
 .note.GNU-stack
                0x0000000000000000        0x0 c:/program files/microchip/xc8/v3.10/avr/bin/../lib/gcc/avr/5.4.0/../../../../avr/lib/avr5/memx-const\libc.a(__fmt_x.o)
 .note.GNU-stack
                0x0000000000000000        0x0 c:/program files/microchip/xc8/v3.10/avr/bin/../lib/gcc/avr/5.4.0/../../../../avr/lib/avr5/memx-const\libc.a(__pop_int.o)
 .note.GNU-stack
                0x0000000000000000        0x0 c:/program files/microchip/xc8/v3.10/avr/bin/../lib/gcc/avr/5.4.0/../../../../avr/lib/avr5/memx-const\libc.a(__printf_core.o)
 .note.GNU-stack
                0x0000000000000000        0x0 c:/program files/microchip/xc8/v3.10/avr/bin/../lib/gcc/avr/5.4.0/../../../../avr/lib/avr5/memx-const\libc.a(fputc.o)
 .note.GNU-stack
                0x0000000000000000        0x0 c:/program files/microchip/xc8/v3.10/avr/bin/../lib/gcc/avr/5.4.0/../../../../avr/lib/avr5/memx-const\libc.a(strlen.o)
 .note.GNU-stack
                0x0000000000000000        0x0 c:/program files/microchip/xc8/v3.10/avr/bin/../lib/gcc/avr/5.4.0/../../../../avr/lib/avr5/memx-const\libc.a(strncpy.o)
 .note.GNU-stack
                0x0000000000000000        0x0 c:/program files/microchip/xc8/v3.10/avr/bin/../lib/gcc/avr/5.4.0/../../../../avr/lib/avr5/memx-const\libc.a(tolower.o)
 .note.GNU-stack
                0x0000000000000000        0x0 c:/program files/microchip/xc8/v3.10/avr/bin/../lib/gcc/avr/5.4.0/../../../../avr/lib/avr5/memx-const\libc.a(toupper.o)
 .note.GNU-stack
                0x0000000000000000        0x0 c:/program files/microchip/xc8/v3.10/avr/bin/../lib/gcc/avr/5.4.0/../../../../avr/lib/avr5/memx-const\libc.a(errno.o)
 .note.GNU-stack
                0x0000000000000000        0x0 c:/program files/microchip/xc8/v3.10/avr/bin/../lib/gcc/avr/5.4.0/../../../../avr/lib/avr5/memx-const\libc.a(_Exit.o)
 .note.GNU-stack
                0x0000000000000000        0x0 c:/program files/microchip/xc8/v3.10/avr/bin/../lib/gcc/avr/5.4.0/../../../../avr/lib/avr5/memx-const\libc.a(__int_vsprintf.o)
 .note.GNU-stack
                0x0000000000000000        0x0 c:/program files/microchip/xc8/v3.10/avr/bin/../lib/gcc/avr/5.4.0/../../../../avr/lib/avr5/memx-const\libc.a(__int_vsnprintf.o)
 .note.GNU-stack
                0x0000000000000000        0x0 c:/program files/microchip/xc8/v3.10/avr/bin/../lib/gcc/avr/5.4.0/../../../../avr/lib/avr5/memx-const\libc.a(__int_vfprintf.o)

.note.gnu.build-id
 *(.note.gnu.build-id)

.debug
 *(.debug)

.line
 *(.line)

.debug_srcinfo
 *(.debug_srcinfo)

.debug_sfnames
 *(.debug_sfnames)

.debug_aranges  0x0000000000000000       0xb0
 *(.debug_aranges)
 .debug_aranges
                0x0000000000000000       0x30 dht11.o
 .debug_aranges
                0x0000000000000030       0x20 main.o
 .debug_aranges
                0x0000000000000050       0x28 timer.o
 .debug_aranges
                0x0000000000000078       0x38 uart.o

.debug_pubnames
 *(.debug_pubnames)

.debug_info     0x0000000000000000     0x14ca
 *(.debug_info .gnu.linkonce.wi.*)
 .debug_info    0x0000000000000000      0x5f4 D:/Facultad/CDyM/7.0/Packs/atmel/ATmega_DFP/1.6.364/xc8/avr/lib/avr5/memx-const/crtatmega328p.o
 .debug_info    0x00000000000005f4      0x3ee dht11.o
 .debug_info    0x00000000000009e2      0x445 main.o
 .debug_info    0x0000000000000e27      0x2bc timer.o
 .debug_info    0x00000000000010e3      0x3e7 uart.o

.debug_abbrev   0x0000000000000000      0x91a
 *(.debug_abbrev)
 .debug_abbrev  0x0000000000000000      0x5a2 D:/Facultad/CDyM/7.0/Packs/atmel/ATmega_DFP/1.6.364/xc8/avr/lib/avr5/memx-const/crtatmega328p.o
 .debug_abbrev  0x00000000000005a2       0xd8 dht11.o
 .debug_abbrev  0x000000000000067a       0xf5 main.o
 .debug_abbrev  0x000000000000076f       0x85 timer.o
 .debug_abbrev  0x00000000000007f4      0x126 uart.o

.debug_line     0x0000000000000000      0x6bf
 *(.debug_line .debug_line.* .debug_line_end)
 .debug_line    0x0000000000000000      0x137 D:/Facultad/CDyM/7.0/Packs/atmel/ATmega_DFP/1.6.364/xc8/avr/lib/avr5/memx-const/crtatmega328p.o
 .debug_line    0x0000000000000137      0x19b dht11.o
 .debug_line    0x00000000000002d2      0x163 main.o
 .debug_line    0x0000000000000435       0xd9 timer.o
 .debug_line    0x000000000000050e      0x1b1 uart.o

.debug_frame    0x0000000000000000      0x190
 *(.debug_frame)
 .debug_frame   0x0000000000000000       0x78 dht11.o
 .debug_frame   0x0000000000000078       0x34 main.o
 .debug_frame   0x00000000000000ac       0x54 timer.o
 .debug_frame   0x0000000000000100       0x90 uart.o

.debug_str      0x0000000000000000      0x24c
 *(.debug_str)
 .debug_str     0x0000000000000000      0x208 D:/Facultad/CDyM/7.0/Packs/atmel/ATmega_DFP/1.6.364/xc8/avr/lib/avr5/memx-const/crtatmega328p.o
 .debug_str     0x0000000000000208        0x0 dht11.o
 .debug_str     0x0000000000000208       0x44 main.o
 .debug_str     0x000000000000024c        0x0 timer.o
 .debug_str     0x000000000000024c        0x0 uart.o

.debug_loc      0x0000000000000000      0x2bd
 *(.debug_loc)
 .debug_loc     0x0000000000000000       0xfb dht11.o
 .debug_loc     0x00000000000000fb       0x48 main.o
 .debug_loc     0x0000000000000143       0x63 timer.o
 .debug_loc     0x00000000000001a6      0x117 uart.o

.debug_macinfo
 *(.debug_macinfo)

.debug_weaknames
 *(.debug_weaknames)

.debug_funcnames
 *(.debug_funcnames)

.debug_typenames
 *(.debug_typenames)

.debug_varnames
 *(.debug_varnames)

.debug_pubtypes
 *(.debug_pubtypes)

.debug_ranges   0x0000000000000000       0x70
 *(.debug_ranges)
 .debug_ranges  0x0000000000000000       0x20 dht11.o
 .debug_ranges  0x0000000000000020       0x10 main.o
 .debug_ranges  0x0000000000000030       0x18 timer.o
 .debug_ranges  0x0000000000000048       0x28 uart.o

.debug_macro
 *(.debug_macro)
OUTPUT(monitorInvernadero.elf elf32-avr)
LOAD linker stubs
LOAD data_init

.note.gnu.avr.deviceinfo
                0x0000000000000000       0x40
 .note.gnu.avr.deviceinfo
                0x0000000000000000       0x40 D:/Facultad/CDyM/7.0/Packs/atmel/ATmega_DFP/1.6.364/xc8/avr/lib/avr5/memx-const/crtatmega328p.o

.bss.datos      0x000000000080010c        0x5
 .bss.datos     0x000000000080010c        0x5 dht11.o
                0x000000000080010c                datos

.bss.cont_ms    0x0000000000800116        0x1
 .bss.cont_ms   0x0000000000800116        0x1 timer.o

.bss.tx_index   0x0000000000800117        0x1
 .bss.tx_index  0x0000000000800117        0x1 uart.o
                0x0000000000800117                tx_index

.bss.rx_index   0x0000000000800118        0x1
 .bss.rx_index  0x0000000000800118        0x1 uart.o
                0x0000000000800118                rx_index

.progmemx.data  0x00000000000000d4       0x28
 .progmemx.data
                0x00000000000000d4       0x28 main.o

.progmemx.data.state_table
                0x00000000000000fc       0x16
 .progmemx.data.state_table
                0x00000000000000fc       0x16 c:/program files/microchip/xc8/v3.10/avr/bin/../lib/gcc/avr/5.4.0/../../../../avr/lib/avr5/memx-const\libc.a(__printf_core.o)

.progmemx.data.nuls.2781
                0x0000000000000112        0x7
 .progmemx.data.nuls.2781
                0x0000000000000112        0x7 c:/program files/microchip/xc8/v3.10/avr/bin/../lib/gcc/avr/5.4.0/../../../../avr/lib/avr5/memx-const\libc.a(__fmt_s.o)

.progmemx.data.nilstr.2962
                0x0000000000000119        0x6
 .progmemx.data.nilstr.2962
                0x0000000000000119        0x6 c:/program files/microchip/xc8/v3.10/avr/bin/../lib/gcc/avr/5.4.0/../../../../avr/lib/avr5/memx-const\libc.a(__printf_core.o)

.data.bit_actual
                0x0000000000800115        0x1 load address 0x000000000000011f
 .data.bit_actual
                0x0000000000800115        0x1 dht11.o
                0x0000000000800115                bit_actual

.text.vfpfcnvrt
                0x0000000000000120      0x4d8
 .text.vfpfcnvrt
                0x0000000000000120      0x4d8 c:/program files/microchip/xc8/v3.10/avr/bin/../lib/gcc/avr/5.4.0/../../../../avr/lib/avr5/memx-const\libc.a(__printf_core.o)
                0x0000000000000120                vfpfcnvrt

.text.__fmt_x   0x00000000000005f8      0x1da
 .text.__fmt_x  0x00000000000005f8      0x1da c:/program files/microchip/xc8/v3.10/avr/bin/../lib/gcc/avr/5.4.0/../../../../avr/lib/avr5/memx-const\libc.a(__fmt_x.o)
                0x00000000000005f8                __fmt_x_needed
                0x00000000000005f8                __fmt_x

.text.__vector_4
                0x00000000000007d2      0x11e
 .text.__vector_4
                0x00000000000007d2      0x11e dht11.o
                0x00000000000007d2                __vector_4

.text.__fmt_d   0x00000000000008f0       0xe6
 .text.__fmt_d  0x00000000000008f0       0xe6 c:/program files/microchip/xc8/v3.10/avr/bin/../lib/gcc/avr/5.4.0/../../../../avr/lib/avr5/memx-const\libc.a(__fmt_d.o)
                0x00000000000008f0                __fmt_d
                0x00000000000008f0                __fmt_d_needed

.text.__pop_int
                0x00000000000009d6       0xda
 .text.__pop_int
                0x00000000000009d6       0xda c:/program files/microchip/xc8/v3.10/avr/bin/../lib/gcc/avr/5.4.0/../../../../avr/lib/avr5/memx-const\libc.a(__pop_int.o)
                0x00000000000009d6                __pop_int_needed
                0x00000000000009d6                __pop_int

.text.__cvt_u   0x0000000000000ab0       0xca
 .text.__cvt_u  0x0000000000000ab0       0xca c:/program files/microchip/xc8/v3.10/avr/bin/../lib/gcc/avr/5.4.0/../../../../avr/lib/avr5/memx-const\libc.a(__fmt_u.o)
                0x0000000000000ab0                __cvt_u

.text.main      0x0000000000000b7a       0xc2
 .text.main     0x0000000000000b7a       0xc2 main.o
                0x0000000000000b7a                main

.text.__fmt_o   0x0000000000000c3c       0xb4
 .text.__fmt_o  0x0000000000000c3c       0xb4 c:/program files/microchip/xc8/v3.10/avr/bin/../lib/gcc/avr/5.4.0/../../../../avr/lib/avr5/memx-const\libc.a(__fmt_o.o)
                0x0000000000000c3c                __fmt_o
                0x0000000000000c3c                __fmt_o_needed

.text.__vsnprintf
                0x0000000000000cf0       0xa4
 .text.__vsnprintf
                0x0000000000000cf0       0xa4 c:/program files/microchip/xc8/v3.10/avr/bin/../lib/gcc/avr/5.4.0/../../../../avr/lib/avr5/memx-const\libc.a(__int_vsnprintf.o)
                0x0000000000000cf0                __vsnprintf

.text.__fmt_state
                0x0000000000000d94       0x9e
 .text.__fmt_state
                0x0000000000000d94       0x9e c:/program files/microchip/xc8/v3.10/avr/bin/../lib/gcc/avr/5.4.0/../../../../avr/lib/avr5/memx-const\libc.a(__printf_core.o)
                0x0000000000000d94                __fmt_state

.text.fputc     0x0000000000000e32       0x98
 .text.fputc    0x0000000000000e32       0x98 c:/program files/microchip/xc8/v3.10/avr/bin/../lib/gcc/avr/5.4.0/../../../../avr/lib/avr5/memx-const\libc.a(fputc.o)
                0x0000000000000e32                fputc
                0x0000000000000e32                putc

.text.__pad     0x0000000000000eca       0x96
 .text.__pad    0x0000000000000eca       0x96 c:/program files/microchip/xc8/v3.10/avr/bin/../lib/gcc/avr/5.4.0/../../../../avr/lib/avr5/memx-const\libc.a(__printf_core.o)
                0x0000000000000eca                __pad

.text.__fmt_u   0x0000000000000f60       0x90
 .text.__fmt_u  0x0000000000000f60       0x90 c:/program files/microchip/xc8/v3.10/avr/bin/../lib/gcc/avr/5.4.0/../../../../avr/lib/avr5/memx-const\libc.a(__fmt_u.o)
                0x0000000000000f60                __fmt_u_needed
                0x0000000000000f60                __fmt_u

.text.__vector_18
                0x0000000000000ff0       0x7e
 .text.__vector_18
                0x0000000000000ff0       0x7e uart.o
                0x0000000000000ff0                __vector_18

.text.__fmt_s   0x000000000000106e       0x7a
 .text.__fmt_s  0x000000000000106e       0x7a c:/program files/microchip/xc8/v3.10/avr/bin/../lib/gcc/avr/5.4.0/../../../../avr/lib/avr5/memx-const\libc.a(__fmt_s.o)
                0x000000000000106e                __fmt_s
                0x000000000000106e                __fmt_0_needed
                0x000000000000106e                __fmt_s_needed

.text.read_prec_or_width
                0x00000000000010e8       0x78
 .text.read_prec_or_width
                0x00000000000010e8       0x78 c:/program files/microchip/xc8/v3.10/avr/bin/../lib/gcc/avr/5.4.0/../../../../avr/lib/avr5/memx-const\libc.a(__printf_core.o)

.text.__printf_core
                0x0000000000001160       0x74
 .text.__printf_core
                0x0000000000001160       0x74 c:/program files/microchip/xc8/v3.10/avr/bin/../lib/gcc/avr/5.4.0/../../../../avr/lib/avr5/memx-const\libc.a(__printf_core.o)
                0x0000000000001160                __printf_core

.text.__out     0x00000000000011d4       0x68
 .text.__out    0x00000000000011d4       0x68 c:/program files/microchip/xc8/v3.10/avr/bin/../lib/gcc/avr/5.4.0/../../../../avr/lib/avr5/memx-const\libc.a(__printf_core.o)
                0x00000000000011d4                __out

.text.__vector_19
                0x000000000000123c       0x5e
 .text.__vector_19
                0x000000000000123c       0x5e uart.o
                0x000000000000123c                __vector_19

.text.__vector_11
                0x000000000000129a       0x50
 .text.__vector_11
                0x000000000000129a       0x50 timer.o
                0x000000000000129a                __vector_11

.text.strncpy   0x00000000000012ea       0x4c
 .text.strncpy  0x00000000000012ea       0x4c c:/program files/microchip/xc8/v3.10/avr/bin/../lib/gcc/avr/5.4.0/../../../../avr/lib/avr5/memx-const\libc.a(strncpy.o)
                0x00000000000012ea                strncpy

.text.libgcc.div
                0x0000000000001336       0x44
 .text.libgcc.div
                0x0000000000001336       0x44 c:/program files/microchip/xc8/v3.10/avr/bin/../lib/gcc/avr/5.4.0/avr5/memx-const\libgcc.a(_udivmodsi4.o)
                0x0000000000001336                __udivmodsi4

.text.DHT11_iniciar
                0x000000000000137a       0x40
 .text.DHT11_iniciar
                0x000000000000137a       0x40 dht11.o
                0x000000000000137a                DHT11_iniciar

.text.DHT11_recibir
                0x00000000000013ba       0x40
 .text.DHT11_recibir
                0x00000000000013ba       0x40 dht11.o
                0x00000000000013ba                DHT11_recibir

.text.libgcc.prologue
                0x00000000000013fa       0x38
 .text.libgcc.prologue
                0x00000000000013fa       0x38 c:/program files/microchip/xc8/v3.10/avr/bin/../lib/gcc/avr/5.4.0/avr5/memx-const\libgcc.a(_prologue.o)
                0x00000000000013fa                __prologue_saves__

.text.libgcc.prologue
                0x0000000000001432       0x36
 .text.libgcc.prologue
                0x0000000000001432       0x36 c:/program files/microchip/xc8/v3.10/avr/bin/../lib/gcc/avr/5.4.0/avr5/memx-const\libgcc.a(_epilogue.o)
                0x0000000000001432                __epilogue_restores__

.text.__vfprintf
                0x0000000000001468       0x30
 .text.__vfprintf
                0x0000000000001468       0x30 c:/program files/microchip/xc8/v3.10/avr/bin/../lib/gcc/avr/5.4.0/../../../../avr/lib/avr5/memx-const\libc.a(__int_vfprintf.o)
                0x0000000000001468                __vfprintf

.text.uart0_sendString
                0x0000000000001498       0x2e
 .text.uart0_sendString
                0x0000000000001498       0x2e uart.o
                0x0000000000001498                uart0_sendString

.text.strlen    0x00000000000014c6       0x2c
 .text.strlen   0x00000000000014c6       0x2c c:/program files/microchip/xc8/v3.10/avr/bin/../lib/gcc/avr/5.4.0/../../../../avr/lib/avr5/memx-const\libc.a(strlen.o)
                0x00000000000014c6                strlen

.text.__wrap_sprintf
                0x00000000000014f2       0x26
 .text.__wrap_sprintf
                0x00000000000014f2       0x26 c:/program files/microchip/xc8/v3.10/avr/bin/../lib/gcc/avr/5.4.0/../../../../avr/lib/avr5/memx-const\libc.a(__sio_sprintf_doux.o)
                0x00000000000014f2                _sprintf_cdopuxX

.text.timer1_init
                0x0000000000001518       0x24
 .text.timer1_init
                0x0000000000001518       0x24 timer.o
                0x0000000000001518                timer1_init

.text.__vsprintf
                0x000000000000153c       0x18
 .text.__vsprintf
                0x000000000000153c       0x18 c:/program files/microchip/xc8/v3.10/avr/bin/../lib/gcc/avr/5.4.0/../../../../avr/lib/avr5/memx-const\libc.a(__int_vsprintf.o)
                0x000000000000153c                __vsprintf

.text.exit      0x0000000000001554       0x16
 .text.exit     0x0000000000001554       0x16 c:/program files/microchip/xc8/v3.10/avr/bin/../lib/gcc/avr/5.4.0/../../../../avr/lib/avr5/memx-const\libc.a(exit.o)
                0x0000000000001554                exit

.text.uart0_init
                0x000000000000156a       0x14
 .text.uart0_init
                0x000000000000156a       0x14 uart.o
                0x000000000000156a                uart0_init

.text.toupper   0x000000000000157e       0x12
 .text.toupper  0x000000000000157e       0x12 c:/program files/microchip/xc8/v3.10/avr/bin/../lib/gcc/avr/5.4.0/../../../../avr/lib/avr5/memx-const\libc.a(toupper.o)
                0x000000000000157e                toupper

.text.tolower   0x0000000000001590       0x10
 .text.tolower  0x0000000000001590       0x10 c:/program files/microchip/xc8/v3.10/avr/bin/../lib/gcc/avr/5.4.0/../../../../avr/lib/avr5/memx-const\libc.a(tolower.o)
                0x0000000000001590                tolower

.text           0x00000000000015a0        0x4
 .text          0x00000000000015a0        0x4 D:/Facultad/CDyM/7.0/Packs/atmel/ATmega_DFP/1.6.364/xc8/avr/lib/avr5/memx-const/crtatmega328p.o
                0x00000000000015a0                __vector_22
                0x00000000000015a0                __vector_1
                0x00000000000015a0                __vector_24
                0x00000000000015a0                __vector_12
                0x00000000000015a0                __bad_interrupt
                0x00000000000015a0                __vector_6
                0x00000000000015a0                __vector_3
                0x00000000000015a0                __vector_23
                0x00000000000015a0                __vector_25
                0x00000000000015a0                __vector_13
                0x00000000000015a0                __vector_17
                0x00000000000015a0                __vector_7
                0x00000000000015a0                __vector_5
                0x00000000000015a0                __vector_9
                0x00000000000015a0                __vector_2
                0x00000000000015a0                __vector_21
                0x00000000000015a0                __vector_15
                0x00000000000015a0                __vector_8
                0x00000000000015a0                __vector_14
                0x00000000000015a0                __vector_10
                0x00000000000015a0                __vector_16
                0x00000000000015a0                __vector_20

.text._Exit     0x00000000000015a4        0x4
 .text._Exit    0x00000000000015a4        0x4 c:/program files/microchip/xc8/v3.10/avr/bin/../lib/gcc/avr/5.4.0/../../../../avr/lib/avr5/memx-const\libc.a(_Exit.o)
                0x00000000000015a4                _Exit

.text.__dummy_fini
                0x00000000000015a8        0x2
 .text.__dummy_fini
                0x00000000000015a8        0x2 c:/program files/microchip/xc8/v3.10/avr/bin/../lib/gcc/avr/5.4.0/../../../../avr/lib/avr5/memx-const\libc.a(exit.o)
                0x00000000000015a8                _fini

.text.__dummy_funcs_on_exit
                0x00000000000015aa        0x2
 .text.__dummy_funcs_on_exit
                0x00000000000015aa        0x2 c:/program files/microchip/xc8/v3.10/avr/bin/../lib/gcc/avr/5.4.0/../../../../avr/lib/avr5/memx-const\libc.a(exit.o)
                0x00000000000015aa                __funcs_on_exit

.text.__dummy_simulator_exit
                0x00000000000015ac        0x2
 .text.__dummy_simulator_exit
                0x00000000000015ac        0x2 c:/program files/microchip/xc8/v3.10/avr/bin/../lib/gcc/avr/5.4.0/../../../../avr/lib/avr5/memx-const\libc.a(exit.o)
                0x00000000000015ac                __simulator_exit

.data.libre     0x0000000000800111        0x2 load address 0x00000000000015ae
 .data.libre    0x0000000000800111        0x2 main.o
                0x0000000000800111                libre

.data.intervalo_T
                0x0000000000800113        0x2 load address 0x00000000000015b0
 .data.intervalo_T
                0x0000000000800113        0x2 main.o
                0x0000000000800113                intervalo_T
